
>>> Ejecutando R/01_carga.R 
Filas leídas:    328.998 
Columnas:        41 
Problemas de parseo: 0 
SHA-256 coincide: TRUE 
>>> OK R/01_carga.R en 9 s

>>> Ejecutando R/02_calidad.R 

== Chequeos informativos ==
# A tibble: 7 × 2
  chequeo                                                          n
  <chr>                                                        <int>
1 Registros totales                                           328998
2 Registros con MRUN vacío                                       970
3 MRUN con más de un título (registros adicionales)            11951
4 Año de ingreso original con código especial (<1950 o >2025)  18029
5 Fecha de titulación con valor por defecto 19000101               0
6 Género fuera de {1,2}                                            0
7 Rango de edad 'Sin Información'                                 14

== Bitácora de reglas ==
# A tibble: 8 × 5
  paso 
  <chr>
1 R1   
2 R2   
3 R3   
4 R4   
5 R5   
6 R6   
7 R7   
8 R8   
  regla                                                                         
  <chr>                                                                         
1 Solo nivel_global = 'Pregrado' (la pregunta es sobre pregrado)                
2 Año de ingreso original entre 1950 y 2025 (en pregrado solo aparece el código…
3 Semestre de ingreso original en {1, 2}                                        
4 Fecha de titulación válida (AAAAMMDD) dentro del año académico 2025 (2025-03-…
5 Duración teórica total de la carrera > 0 semestres                            
6 Semestres transcurridos >= 1 (titulación no anterior al ingreso)              
7 Excluye 'Plan Regular de Continuidad' (ingreso de origen no comparable con du…
8 Eliminación de mrun, fec_nac_alu, nombre_titulo y nombre_grado (minimización) 
  filas_antes filas_despues eliminadas
        <int>         <int>      <int>
1      328998        238708      90290
2      238708        220962      17746
3      220962        220962          0
4      220962        220962          0
5      220962        220962          0
6      220962        220962          0
7      220962        216436       4526
8      216436        216436          0

== Variable respuesta (pregrado limpio) ==
# A tibble: 1 × 5
       n pct_a_tiempo_estricto pct_titulacion_oportuna mediana_sobreduracion_sem
   <int>                 <dbl>                   <dbl>                     <dbl>
1 216436                  31.4                    71.8                         1
  pct_atipicos
         <dbl>
1         2.44

== Por tipo de institución y nivel ==
# A tibble: 5 × 5
  tipo_inst_1                  nivel_carrera_2            n pct_oportuna
  <chr>                        <chr>                  <int>        <dbl>
1 Centros de Formación Técnica Carreras Técnicas      39659         73.6
2 Institutos Profesionales     Carreras Profesionales 46237         78.1
3 Institutos Profesionales     Carreras Técnicas      42022         81.9
4 Universidades                Carreras Profesionales 83200         62.1
5 Universidades                Carreras Técnicas       5318         77.2
  mediana_sobreduracion
                  <dbl>
1                     1
2                     1
3                     1
4                     2
5                     1

== Por tipo de plan (revisar comportamiento de planes de continuidad) ==
# A tibble: 2 × 5
  tipo_plan_carr      n pct_oportuna mediana_dur_teorica mediana_sem_transc
  <chr>           <int>        <dbl>               <dbl>              <dbl>
1 Plan Especial    7482         74.7                   4                  5
2 Plan Regular   208954         71.7                   8                  9
>>> OK R/02_calidad.R en 10 s

>>> Ejecutando R/03_descriptivo.R 
== KPI global ==
# A tibble: 1 × 9
       n n_oportuna mediana_sobreduracion pct_mas_doble   pct ic_inf ic_sup
   <int>      <int>                 <dbl>         <dbl> <dbl>  <dbl>  <dbl>
1 216436     155468                     1          7.46  71.8   71.6   72.0
  brecha_meta_pp pct_estricto
           <dbl>        <dbl>
1          -3.17         31.4

== KPI por dimensión ==
# A tibble: 49 × 7
   dimension          valor                          n   pct ic_inf ic_sup
   <chr>              <chr>                      <int> <dbl>  <dbl>  <dbl>
 1 grupo_inst         CFT · técnica              39659  73.6   73.2   74.1
 2 grupo_inst         IP · profesional           46237  78.1   77.7   78.4
 3 grupo_inst         IP · técnica               42022  81.9   81.5   82.3
 4 grupo_inst         Universidad · profesional  83200  62.1   61.7   62.4
 5 grupo_inst         Universidad · técnica       5318  77.2   76     78.3
 6 area_conocimiento  Administración y Comercio  48569  76     75.6   76.3
 7 area_conocimiento  Agropecuaria                6392  61.1   59.9   62.2
 8 area_conocimiento  Arte y Arquitectura        10829  73     72.2   73.8
 9 area_conocimiento  Ciencias Básicas            2490  48.1   46.2   50.1
10 area_conocimiento  Ciencias Sociales          23053  80.6   80.1   81.1
11 area_conocimiento  Derecho                     5673  34.4   33.1   35.6
12 area_conocimiento  Educación                  20415  82     81.5   82.5
13 area_conocimiento  Humanidades                 1201  65.7   63     68.3
14 area_conocimiento  Salud                      39913  77     76.6   77.4
15 area_conocimiento  Tecnología                 57901  63.5   63.1   63.9
16 modalidad_jornada  A distancia                23870  80.7   80.2   81.2
17 modalidad_jornada  Presencial diurna         141740  68.8   68.6   69.1
18 modalidad_jornada  Presencial vespertina      48445  76.1   75.7   76.4
19 modalidad_jornada  Semipresencial u otra       2381  75.9   74.1   77.6
20 macrozona          Austral                     1696  67.7   65.5   69.9
21 macrozona          Centro                     38167  71.4   71     71.9
22 macrozona          Metropolitana             103992  73.8   73.5   74  
23 macrozona          Norte                      24301  65.6   65     66.2
24 macrozona          Sur                        48280  71.2   70.8   71.6
25 region_sede        Antofagasta                 7110  63.2   62     64.3
26 region_sede        Arica y Parinacota          2860  63     61.2   64.7
27 region_sede        Atacama                     2716  61.9   60     63.7
28 region_sede        Aysén                        451  66.3   61.8   70.5
29 region_sede        Biobío                     21882  72.1   71.5   72.7
30 region_sede        Coquimbo                    8208  70.3   69.3   71.3
31 region_sede        La Araucanía                9331  69.8   68.8   70.7
32 region_sede        Lib. Gral. B. O'Higgins     5733  75.6   74.5   76.7
33 region_sede        Los Lagos                   7820  75.6   74.6   76.5
34 region_sede        Los Ríos                    4611  60.6   59.2   62  
35 region_sede        Magallanes                  1245  68.3   65.6   70.8
36 region_sede        Maule                      11414  73.8   73     74.6
37 region_sede        Metropolitana             103992  73.8   73.5   74  
38 region_sede        Tarapacá                    3407  64.7   63.1   66.3
39 region_sede        Valparaíso                 21020  69     68.4   69.6
40 region_sede        Ñuble                       4636  73.2   71.9   74.5
41 tramo_edad_ingreso 19 o menos                 75632  65.4   65.1   65.8
42 tramo_edad_ingreso 20 a 24                    72834  69.2   68.8   69.5
43 tramo_edad_ingreso 25 a 29                    22926  77.7   77.2   78.3
44 tramo_edad_ingreso 30 o más                   45043  83.9   83.5   84.2
45 tramo_edad_ingreso <NA>                           1   0      0     79.3
46 genero             Hombre                     97620  66     65.7   66.3
47 genero             Mujer                     118816  76.6   76.4   76.8
48 tipo_plan_carr     Plan Especial               7482  74.7   73.7   75.7
49 tipo_plan_carr     Plan Regular              208954  71.7   71.5   71.9
   mediana_sobreduracion
                   <dbl>
 1                     1
 2                     1
 3                     1
 4                     2
 5                     1
 6                     1
 7                     1
 8                     1
 9                     3
10                     1
11                     4
12                     1
13                     1
14                     1
15                     1
16                     1
17                     1
18                     1
19                     1
20                     1
21                     1
22                     1
23                     1
24                     1
25                     1
26                     1
27                     1
28                     1
29                     1
30                     1
31                     1
32                     1
33                     1
34                     2
35                     1
36                     1
37                     1
38                     1
39                     1
40                     1
41                     1
42                     1
43                     1
44                     1
45                    31
46                     1
47                     1
48                     1
49                     1
>>> OK R/03_descriptivo.R en 6 s

>>> Ejecutando R/04_modelo.R 
Registros para el modelo: 216435 (excluidos por NA: 1 )
Prevalencia fuera de plazo: 28.2 %

== Sensibilidad (agregando dur_total_carr) ==
# A tibble: 26 × 7
   termino                                    OR_con_duracion p_con_duracion
   <chr>                                                <dbl>          <dbl>
 1 grupo_instCFT · técnica                              0.298       9.23e- 4
 2 grupo_instIP · profesional                           0.356       5.77e- 8
 3 grupo_instIP · técnica                               0.254       4.95e- 5
 4 grupo_instUniversidad · técnica                      0.214       6.91e- 5
 5 area_conocimientoAdministración y Comercio           0.645       2.17e- 9
 6 area_conocimientoAgropecuaria                        0.965       8.53e- 1
 7 area_conocimientoArte y Arquitectura                 0.613       1.21e- 4
 8 area_conocimientoCiencias Básicas                    1.19        2.39e- 1
 9 area_conocimientoCiencias Sociales                   0.364       2.04e-10
10 area_conocimientoDerecho                             2.66        1.17e- 7
11 area_conocimientoEducación                           0.376       1.85e-10
12 area_conocimientoHumanidades                         0.573       3.63e- 3
13 area_conocimientoSalud                               0.483       1.48e- 8
14 modalidad_jornadaA distancia                         1.33        1.23e- 1
15 modalidad_jornadaPresencial vespertina               1.08        5   e- 1
16 modalidad_jornadaSemipresencial u otra               1.68        3.38e- 2
17 macrozonaAustral                                     1.25        7.24e- 2
18 macrozonaCentro                                      1.09        4.44e- 1
19 macrozonaNorte                                       1.37        5.08e- 3
20 macrozonaSur                                         1.02        7.67e- 1
21 tramo_edad_ingreso20 a 24                            1.02        6.56e- 1
22 tramo_edad_ingreso25 a 29                            0.693       1.89e- 5
23 tramo_edad_ingreso30 o más                           0.474       5.26e- 7
24 generoMujer                                          0.76        3.37e-20
25 tipo_plan_carrPlan Especial                          0.807       5.6 e- 1
26 declara_proceso_titTRUE                              0.718       1.37e- 2
   OR_modelo_principal p_modelo_principal cambio_pct cambia_conclusion
                 <dbl>              <dbl>      <dbl> <lgl>            
 1               0.559           1.04e- 1   -46.6    TRUE             
 2               0.445           3.01e- 8   -20.1    FALSE            
 3               0.477           1.18e- 4   -46.6    FALSE            
 4               0.407           1.36e- 4   -47.4    FALSE            
 5               0.661           4.21e- 8    -2.42   FALSE            
 6               0.957           8.25e- 1     0.817  FALSE            
 7               0.621           1.37e- 4    -1.28   FALSE            
 8               1.19            2.23e- 1    -0.14   FALSE            
 9               0.371           2.19e-10    -1.88   FALSE            
10               2.51            1.14e- 6     5.85   FALSE            
11               0.387           9.12e-10    -2.65   FALSE            
12               0.657           1.19e- 2   -12.8    FALSE            
13               0.456           6.71e- 8     5.93   FALSE            
14               1.36            8.14e- 2    -2.67   FALSE            
15               1.1             4.03e- 1    -1.68   FALSE            
16               1.56            5.53e- 2     7.75   TRUE             
17               1.25            8.26e- 2    -0.112  FALSE            
18               1.09            4.42e- 1    -0.143  FALSE            
19               1.39            3.36e- 3    -1.63   FALSE            
20               1.02            7.67e- 1     0.0343 FALSE            
21               1.03            4.25e- 1    -1.35   FALSE            
22               0.704           6.37e- 5    -1.55   FALSE            
23               0.478           1.06e- 6    -0.854  FALSE            
24               0.761           6.38e-20    -0.118  FALSE            
25               1.23            4.91e- 1   -34.1    TRUE             
26               0.695           9.11e- 3     3.29   FALSE            
GVIF ajustado de dur_total_carr en el modelo de sensibilidad: 2.95 

== Odds ratio (errores agrupados por institución) ==
# A tibble: 26 × 5
   termino                                       OR OR_inf OR_sup  p_valor
   <chr>                                      <dbl>  <dbl>  <dbl>    <dbl>
 1 grupo_instCFT · técnica                    0.559  0.277  1.13  1.04e- 1
 2 grupo_instIP · profesional                 0.445  0.335  0.593 3.01e- 8
 3 grupo_instIP · técnica                     0.477  0.327  0.695 1.18e- 4
 4 grupo_instUniversidad · técnica            0.407  0.256  0.646 1.36e- 4
 5 area_conocimientoAdministración y Comercio 0.661  0.57   0.766 4.21e- 8
 6 area_conocimientoAgropecuaria              0.957  0.651  1.41  8.25e- 1
 7 area_conocimientoArte y Arquitectura       0.621  0.486  0.793 1.37e- 4
 8 area_conocimientoCiencias Básicas          1.19   0.898  1.59  2.23e- 1
 9 area_conocimientoCiencias Sociales         0.371  0.273  0.504 2.19e-10
10 area_conocimientoDerecho                   2.51   1.73   3.65  1.14e- 6
11 area_conocimientoEducación                 0.387  0.285  0.524 9.12e-10
12 area_conocimientoHumanidades               0.657  0.473  0.911 1.19e- 2
13 area_conocimientoSalud                     0.456  0.343  0.606 6.71e- 8
14 modalidad_jornadaA distancia               1.36   0.962  1.93  8.14e- 2
15 modalidad_jornadaPresencial vespertina     1.1    0.877  1.38  4.03e- 1
16 modalidad_jornadaSemipresencial u otra     1.56   0.99   2.47  5.53e- 2
17 macrozonaAustral                           1.25   0.972  1.6   8.26e- 2
18 macrozonaCentro                            1.09   0.87   1.38  4.42e- 1
19 macrozonaNorte                             1.39   1.12   1.73  3.36e- 3
20 macrozonaSur                               1.02   0.883  1.18  7.67e- 1
21 tramo_edad_ingreso20 a 24                  1.03   0.958  1.11  4.25e- 1
22 tramo_edad_ingreso25 a 29                  0.704  0.593  0.836 6.37e- 5
23 tramo_edad_ingreso30 o más                 0.478  0.355  0.643 1.06e- 6
24 generoMujer                                0.761  0.717  0.807 6.38e-20
25 tipo_plan_carrPlan Especial                1.23   0.687  2.18  4.91e- 1
26 declara_proceso_titTRUE                    0.695  0.529  0.914 9.11e- 3

== VIF ==
# A tibble: 8 × 4
  variable             GVIF    gl GVIF_ajustado
  <chr>               <dbl> <dbl>         <dbl>
1 grupo_inst           2.04     4          1.09
2 area_conocimiento    1.74     9          1.03
3 modalidad_jornada    2.53     3          1.17
4 macrozona            1.22     4          1.03
5 tramo_edad_ingreso   1.85     3          1.11
6 genero               1.27     1          1.13
7 tipo_plan_carr       1.21     1          1.10
8 declara_proceso_tit  1.23     1          1.11

== Ajuste ==
# A tibble: 1 × 6
       n     AIC devianza_nula devianza_res pseudo_R2_McFadden ratio_dispersion
   <int>   <dbl>         <dbl>        <dbl>              <dbl>            <dbl>
1 216435 236020.       257358.      235966.             0.0831             1.01

== Métricas en test ==
# A tibble: 1 × 7
  n_test   AUC AUC_inf AUC_sup Brier Brier_referencia mejora_Brier_pct
   <int> <dbl>   <dbl>   <dbl> <dbl>            <dbl>            <dbl>
1  64931 0.692   0.687   0.696 0.182            0.203             10.1

== Calibración ==
# A tibble: 10 × 4
   decil     n prob_predicha tasa_observada
   <int> <int>         <dbl>          <dbl>
 1     1  6494        0.0902          0.115
 2     2  6493        0.137           0.150
 3     3  6493        0.175           0.169
 4     4  6493        0.209           0.198
 5     5  6493        0.245           0.247
 6     6  6493        0.280           0.253
 7     7  6493        0.312           0.296
 8     8  6493        0.363           0.342
 9     9  6493        0.432           0.466
10    10  6493        0.571           0.591

== Efectos marginales promedio (pp vs referencia) ==
# A tibble: 30 × 4
   variable           nivel                     prob_fuera_plazo dif_vs_ref_pp
   <chr>              <chr>                                <dbl>         <dbl>
 1 grupo_inst         Universidad · profesional             36.5           0  
 2 grupo_inst         CFT · técnica                         25.1         -11.4
 3 grupo_inst         IP · profesional                      21.4         -15.2
 4 grupo_inst         IP · técnica                          22.4         -14.1
 5 grupo_inst         Universidad · técnica                 20           -16.5
 6 area_conocimiento  Tecnología                            36.3           0  
 7 area_conocimiento  Administración y Comercio             27.9          -8.4
 8 area_conocimiento  Agropecuaria                          35.4          -0.9
 9 area_conocimiento  Arte y Arquitectura                   26.7          -9.6
10 area_conocimiento  Ciencias Básicas                      40.2           3.9
11 area_conocimiento  Ciencias Sociales                     18.3         -18  
12 area_conocimiento  Derecho                               57.2          20.9
13 area_conocimiento  Educación                             18.9         -17.4
14 area_conocimiento  Humanidades                           27.8          -8.5
15 area_conocimiento  Salud                                 21.4         -14.9
16 modalidad_jornada  Presencial diurna                     27.3           0  
17 modalidad_jornada  A distancia                           33.1           5.8
18 modalidad_jornada  Presencial vespertina                 29             1.8
19 modalidad_jornada  Semipresencial u otra                 35.8           8.5
20 macrozona          Metropolitana                         27             0  
21 macrozona          Austral                               31.1           4.1
22 macrozona          Centro                                28.7           1.6
23 macrozona          Norte                                 33.3           6.2
24 macrozona          Sur                                   27.4           0.4
25 tramo_edad_ingreso 19 o menos                            31             0  
26 tramo_edad_ingreso 20 a 24                               31.6           0.6
27 tramo_edad_ingreso 25 a 29                               24.6          -6.5
28 tramo_edad_ingreso 30 o más                              18.5         -12.5
29 genero             Hombre                                30.8           0  
30 genero             Mujer                                 25.7          -5  
>>> OK R/04_modelo.R en 15 s

>>> Ejecutando R/05_datos_dashboard.R 
Celdas en dashboard: 861 | excluidas (n < 30 ): 430 
>>> OK R/05_datos_dashboard.R en 2 s

>>> Ejecutando R/06_render_dashboard.R 
Dashboard generado: C:\Users\PC\Desktop\Mineria_de_Datos_EV3\dashboard\dashboard_titulacion.html 
>>> OK R/06_render_dashboard.R en 9 s
